// Jest Snapshot v1, https://goo.gl/fbAQLP

exports[`Placeholder Input must render the component properly 1`] = `
<View>
  <TextInput
    allowFontScaling={true}
    rejectResponderTermination={true}
    style={
      Array [
        Object {
          "borderBottomColor": "#000",
          "borderLeftColor": "transparent",
          "borderRightColor": "transparent",
          "borderTopColor": "transparent",
          "borderWidth": 1,
          "fontSize": 18,
        },
        undefined,
      ]
    }
    underlineColorAndroid="transparent"
  />
</View>
`;
